tomni Testing
